newman

LifeLog FHIR EHR Integration Tests

Γûí 0. Discovery & Metadata
Γöö SMART Configuration
  GET http://localhost:8080/.well-known/smart-configuration [401 Unauthorized, 417B, 87ms]

Γöö Capability Statement
  GET http://localhost:8080/fhir/metadata [401 Unauthorized, 342B, 66ms]

Γûí 1. Patient Scenarios
Γöö Create Patient
  POST http://localhost:8080/fhir/Patient [201 Created, 609B, 92ms]
  ΓêÜ  Status code is 201
  Γöî
  Γöé 'Captured Patient ID: 2d0ffec0-25ab-4604-9e9f-05301314
  Γöé 6491'
  Γöö

Γöö Read Patient
  GET http://localhost:8080/fhir/Patient/2d0ffec0-25ab-4604-9e9f-053013146491 [200 OK, 907B, 60ms]
  ΓêÜ  Status code is 200
  ΓêÜ  Resource is Patient

Γöö Update Patient (Add Address)
  PUT http://localhost:8080/fhir/Patient/2d0ffec0-25ab-4604-9e9f-053013146491 [200 OK, 521B, 83ms]
  ΓêÜ  Status code is 200 or 204

Γöö Patient History
  GET http://localhost:8080/fhir/Patient/2d0ffec0-25ab-4604-9e9f-053013146491/_history [200 OK, 1.66kB, 61ms]
  ΓêÜ  Status code is 200
  ΓêÜ  Returns a History Bundle

Γöö Search Patient by Name
  GET http://localhost:8080/fhir/Patient?name=Doe [200 OK, 4.53kB, 65ms]
  ΓêÜ  Status code is 200
  ΓêÜ  Returns a Searchset Bundle

Γûí 2. Observation Scenarios
Γöö Create Observation
  POST http://localhost:8080/fhir/Observation [201 Created, 617B, 85ms]
  ΓêÜ  Status code is 201

Γöö Search Observation by Subject
  GET http://localhost:8080/fhir/Observation?subject=Patient/2d0ffec0-25ab-4604-9e9f-053013146491 [200 OK, 1.34kB, 64ms]
  ΓêÜ  Status code is 200

Γöö Search Observation by Chained Patient Name
  GET http://localhost:8080/fhir/Observation?subject.name=Doe [200 OK, 7.7kB, 72ms]
  ΓêÜ  Status code is 200
  ΓêÜ  Returns a Searchset Bundle

Γöö Search Observation by Date Range
  GET http://localhost:8080/fhir/Observation?date=gt2020-01-01 [200 OK, 7.71kB, 70ms]
  ΓêÜ  Status code is 200

Γûí 2b. Condition & Encounter Scenarios
Γöö Create Encounter
  POST http://localhost:8080/fhir/Encounter [201 Created, 613B, 86ms]
  ΓêÜ  Status code is 201

Γöö Create Condition
  POST http://localhost:8080/fhir/Condition [201 Created, 613B, 82ms]
  ΓêÜ  Status code is 201

Γûí 2c. Medication & Allergy Scenarios
Γöö Create MedicationRequest
  POST http://localhost:8080/fhir/MedicationRequest [201 Created, 629B, 64ms]
  ΓêÜ  Status code is 201

Γöö Create AllergyIntolerance
  POST http://localhost:8080/fhir/AllergyIntolerance [201 Created, 631B, 65ms]
  ΓêÜ  Status code is 201

Γûí 2d. Diagnostic & Immunization Scenarios
Γöö Create DiagnosticReport
  POST http://localhost:8080/fhir/DiagnosticReport [201 Created, 627B, 64ms]
  ΓêÜ  Status code is 201

Γöö Create Immunization
  POST http://localhost:8080/fhir/Immunization [201 Created, 619B, 63ms]
  ΓêÜ  Status code is 201

Γûí 2e. Administrative Scenarios
Γöö Create Organization
  POST http://localhost:8080/fhir/Organization [401 Unauthorized, 342B, 57ms]
  1. Status code is 201

Γöö Create Practitioner
  POST http://localhost:8080/fhir/Practitioner [401 Unauthorized, 342B, 59ms]
  2. Status code is 201

Γûí 2f. Scheduling Scenarios
Γöö Create Appointment
  POST http://localhost:8080/fhir/Appointment [401 Unauthorized, 342B, 66ms]
  3. Status code is 201

Γûí 2g. System Scenarios
Γöö Create Subscription
  POST http://localhost:8080/fhir/Subscription [201 Created, 619B, 58ms]
  ΓêÜ  Status code is 201

Γûí 3. Advanced Scenarios
Γöö Search Patient with _revinclude (Observations)
  GET http://localhost:8080/fhir/Patient?_id=2d0ffec0-25ab-4604-9e9f-053013146491&_revinclude=Observation:patient [200 OK, 1.75kB, 66ms]
  ΓêÜ  Bundle contains both Patient and Observation

Γöö Validation Failure (Invalid Resource)
  POST http://localhost:8080/fhir/Patient [400 Bad Request, 770B, 62ms]
  ΓêÜ  Status code is 422 or 400
  ΓêÜ  Returns OperationOutcome

Γûí 4. Observability & Performance
Γöö Prometheus Metrics
  GET http://localhost:8080/actuator/prometheus [401 Unauthorized, 342B, 70ms]
  4. Status code is 200
  5. Contains fhir_patient_total metric

Γöö Health Check
  GET http://localhost:8080/actuator/health [401 Unauthorized, 342B, 58ms]
  6. Status is UP

Γûí 5. Cleanup
Γöö Delete Patient
  DELETE http://localhost:8080/fhir/Patient/2d0ffec0-25ab-4604-9e9f-053013146491 [204 No Content, 501B, 64ms]
  ΓêÜ  Status code is 200 or 204

ΓöîΓöÇΓöÇΓöÇΓöÇΓöÇΓöÇΓöÇΓöÇΓöÇΓöÇΓöÇΓöÇΓöÇΓöÇΓöÇΓöÇΓöÇΓöÇΓöÇΓöÇΓöÇΓöÇΓöÇΓöÇΓöÇΓö¼ΓöÇΓöÇΓöÇΓöÇΓöÇΓöÇΓöÇΓöÇΓöÇΓöÇΓöÇΓöÇΓöÇΓöÇΓöÇΓöÇΓöÇΓöÇΓöÇΓö¼ΓöÇΓöÇΓöÇΓöÇΓöÇΓöÇΓöÇΓöÇΓöÇΓöÇΓöÇΓöÇΓöÇΓöÇΓöÇΓöÇΓöÇΓöÇΓöÉ
Γöé                         Γöé          executed Γöé           failed Γöé
Γö£ΓöÇΓöÇΓöÇΓöÇΓöÇΓöÇΓöÇΓöÇΓöÇΓöÇΓöÇΓöÇΓöÇΓöÇΓöÇΓöÇΓöÇΓöÇΓöÇΓöÇΓöÇΓöÇΓöÇΓöÇΓöÇΓö╝ΓöÇΓöÇΓöÇΓöÇΓöÇΓöÇΓöÇΓöÇΓöÇΓöÇΓöÇΓöÇΓöÇΓöÇΓöÇΓöÇΓöÇΓöÇΓöÇΓö╝ΓöÇΓöÇΓöÇΓöÇΓöÇΓöÇΓöÇΓöÇΓöÇΓöÇΓöÇΓöÇΓöÇΓöÇΓöÇΓöÇΓöÇΓöÇΓöñ
Γöé              iterations Γöé                 1 Γöé                0 Γöé
Γö£ΓöÇΓöÇΓöÇΓöÇΓöÇΓöÇΓöÇΓöÇΓöÇΓöÇΓöÇΓöÇΓöÇΓöÇΓöÇΓöÇΓöÇΓöÇΓöÇΓöÇΓöÇΓöÇΓöÇΓöÇΓöÇΓö╝ΓöÇΓöÇΓöÇΓöÇΓöÇΓöÇΓöÇΓöÇΓöÇΓöÇΓöÇΓöÇΓöÇΓöÇΓöÇΓöÇΓöÇΓöÇΓöÇΓö╝ΓöÇΓöÇΓöÇΓöÇΓöÇΓöÇΓöÇΓöÇΓöÇΓöÇΓöÇΓöÇΓöÇΓöÇΓöÇΓöÇΓöÇΓöÇΓöñ
Γöé                requests Γöé                26 Γöé                0 Γöé
Γö£ΓöÇΓöÇΓöÇΓöÇΓöÇΓöÇΓöÇΓöÇΓöÇΓöÇΓöÇΓöÇΓöÇΓöÇΓöÇΓöÇΓöÇΓöÇΓöÇΓöÇΓöÇΓöÇΓöÇΓöÇΓöÇΓö╝ΓöÇΓöÇΓöÇΓöÇΓöÇΓöÇΓöÇΓöÇΓöÇΓöÇΓöÇΓöÇΓöÇΓöÇΓöÇΓöÇΓöÇΓöÇΓöÇΓö╝ΓöÇΓöÇΓöÇΓöÇΓöÇΓöÇΓöÇΓöÇΓöÇΓöÇΓöÇΓöÇΓöÇΓöÇΓöÇΓöÇΓöÇΓöÇΓöñ
Γöé            test-scripts Γöé                24 Γöé                0 Γöé
Γö£ΓöÇΓöÇΓöÇΓöÇΓöÇΓöÇΓöÇΓöÇΓöÇΓöÇΓöÇΓöÇΓöÇΓöÇΓöÇΓöÇΓöÇΓöÇΓöÇΓöÇΓöÇΓöÇΓöÇΓöÇΓöÇΓö╝ΓöÇΓöÇΓöÇΓöÇΓöÇΓöÇΓöÇΓöÇΓöÇΓöÇΓöÇΓöÇΓöÇΓöÇΓöÇΓöÇΓöÇΓöÇΓöÇΓö╝ΓöÇΓöÇΓöÇΓöÇΓöÇΓöÇΓöÇΓöÇΓöÇΓöÇΓöÇΓöÇΓöÇΓöÇΓöÇΓöÇΓöÇΓöÇΓöñ
Γöé      prerequest-scripts Γöé                 0 Γöé                0 Γöé
Γö£ΓöÇΓöÇΓöÇΓöÇΓöÇΓöÇΓöÇΓöÇΓöÇΓöÇΓöÇΓöÇΓöÇΓöÇΓöÇΓöÇΓöÇΓöÇΓöÇΓöÇΓöÇΓöÇΓöÇΓöÇΓöÇΓö╝ΓöÇΓöÇΓöÇΓöÇΓöÇΓöÇΓöÇΓöÇΓöÇΓöÇΓöÇΓöÇΓöÇΓöÇΓöÇΓöÇΓöÇΓöÇΓöÇΓö╝ΓöÇΓöÇΓöÇΓöÇΓöÇΓöÇΓöÇΓöÇΓöÇΓöÇΓöÇΓöÇΓöÇΓöÇΓöÇΓöÇΓöÇΓöÇΓöñ
Γöé              assertions Γöé                30 Γöé                6 Γöé
Γö£ΓöÇΓöÇΓöÇΓöÇΓöÇΓöÇΓöÇΓöÇΓöÇΓöÇΓöÇΓöÇΓöÇΓöÇΓöÇΓöÇΓöÇΓöÇΓöÇΓöÇΓöÇΓöÇΓöÇΓöÇΓöÇΓö┤ΓöÇΓöÇΓöÇΓöÇΓöÇΓöÇΓöÇΓöÇΓöÇΓöÇΓöÇΓöÇΓöÇΓöÇΓöÇΓöÇΓöÇΓöÇΓöÇΓö┤ΓöÇΓöÇΓöÇΓöÇΓöÇΓöÇΓöÇΓöÇΓöÇΓöÇΓöÇΓöÇΓöÇΓöÇΓöÇΓöÇΓöÇΓöÇΓöñ
Γöé total run duration: 3.4s                                       Γöé
Γö£ΓöÇΓöÇΓöÇΓöÇΓöÇΓöÇΓöÇΓöÇΓöÇΓöÇΓöÇΓöÇΓöÇΓöÇΓöÇΓöÇΓöÇΓöÇΓöÇΓöÇΓöÇΓöÇΓöÇΓöÇΓöÇΓöÇΓöÇΓöÇΓöÇΓöÇΓöÇΓöÇΓöÇΓöÇΓöÇΓöÇΓöÇΓöÇΓöÇΓöÇΓöÇΓöÇΓöÇΓöÇΓöÇΓöÇΓöÇΓöÇΓöÇΓöÇΓöÇΓöÇΓöÇΓöÇΓöÇΓöÇΓöÇΓöÇΓöÇΓöÇΓöÇΓöÇΓöÇΓöÇΓöñ
Γöé total data received: 21.98kB (approx)                          Γöé
Γö£ΓöÇΓöÇΓöÇΓöÇΓöÇΓöÇΓöÇΓöÇΓöÇΓöÇΓöÇΓöÇΓöÇΓöÇΓöÇΓöÇΓöÇΓöÇΓöÇΓöÇΓöÇΓöÇΓöÇΓöÇΓöÇΓöÇΓöÇΓöÇΓöÇΓöÇΓöÇΓöÇΓöÇΓöÇΓöÇΓöÇΓöÇΓöÇΓöÇΓöÇΓöÇΓöÇΓöÇΓöÇΓöÇΓöÇΓöÇΓöÇΓöÇΓöÇΓöÇΓöÇΓöÇΓöÇΓöÇΓöÇΓöÇΓöÇΓöÇΓöÇΓöÇΓöÇΓöÇΓöÇΓöñ
Γöé average response time: 68ms [min: 57ms, max: 92ms, s.d.: 10ms] Γöé
ΓööΓöÇΓöÇΓöÇΓöÇΓöÇΓöÇΓöÇΓöÇΓöÇΓöÇΓöÇΓöÇΓöÇΓöÇΓöÇΓöÇΓöÇΓöÇΓöÇΓöÇΓöÇΓöÇΓöÇΓöÇΓöÇΓöÇΓöÇΓöÇΓöÇΓöÇΓöÇΓöÇΓöÇΓöÇΓöÇΓöÇΓöÇΓöÇΓöÇΓöÇΓöÇΓöÇΓöÇΓöÇΓöÇΓöÇΓöÇΓöÇΓöÇΓöÇΓöÇΓöÇΓöÇΓöÇΓöÇΓöÇΓöÇΓöÇΓöÇΓöÇΓöÇΓöÇΓöÇΓöÇΓöÿ

[31m  # [39m[31m failure        [39m[31m detail                                                       [39m
[90m    [39m[90m                [39m[90m                                                              [39m
 1.  AssertionError  Status code is 201                                           
                     expected response to have status code 201 but got 401        
                     at assertion:0 in test-script                                
                     inside "2e. Administrative Scenarios / Create Organization"  
[90m    [39m[90m                [39m[90m                                                              [39m
 2.  AssertionError  Status code is 201                                           
                     expected response to have status code 201 but got 401        
                     at assertion:0 in test-script                                
                     inside "2e. Administrative Scenarios / Create Practitioner"  
[90m    [39m[90m                [39m[90m                                                              [39m
 3.  AssertionError  Status code is 201                                           
                     expected response to have status code 201 but got 401        
                     at assertion:0 in test-script                                
                     inside "2f. Scheduling Scenarios / Create Appointment"       
[90m    [39m[90m                [39m[90m                                                              [39m
 4.  AssertionError  Status code is 200                                           
                     expected response to have status code 200 but got 401        
                     at assertion:0 in test-script                                
                     inside "4. Observability & Performance / Prometheus Metrics" 
[90m    [39m[90m                [39m[90m                                                              [39m
 5.  AssertionError  Contains fhir_patient_total metric                           
                     expected '' to include 'fhir_patient_total'                  
                     at assertion:1 in test-script                                
                     inside "4. Observability & Performance / Prometheus Metrics" 
[90m    [39m[90m                [39m[90m                                                              [39m
 6.  JSONError       Status is UP                                                 
                     No data, empty input at 1:1                                  
                                                                                  
                     ^                                                            
                     at assertion:0 in test-script                                
                     inside "4. Observability & Performance / Health Check"       
